******************************************************************************
                  TI ARM Linker PC v20.2.5                     
******************************************************************************
>> Linked Wed Apr 27 14:05:55 2022

OUTPUT FILE NAME:   <LaserRangefinder.out>
ENTRY POINT SYMBOL: "_c_int00_noargs"  address: 000008b9


MEMORY CONFIGURATION

         name            origin    length      used     unused   attr    fill
----------------------  --------  ---------  --------  --------  ----  --------
  FLASH                 00000000   00040000  00000a4a  0003f5b6  R  X
  SRAM                  20000000   00008000  00000205  00007dfb  RW X


SEGMENT ALLOCATION MAP

run origin  load origin   length   init length attrs members
----------  ----------- ---------- ----------- ----- -------
00000000    00000000    00000a50   00000a50    r-x
  00000000    00000000    0000026c   0000026c    r-- .intvecs
  0000026c    0000026c    0000071e   0000071e    r-x .text
  0000098c    0000098c    000000a8   000000a8    r-- .const
  00000a38    00000a38    00000018   00000018    r-- .cinit
20000000    20000000    00000205   00000000    rw-
  20000000    20000000    00000200   00000000    rw- .stack
  20000200    20000200    00000005   00000000    rw- .data


SECTION ALLOCATION MAP

 output                                  attributes/
section   page    origin      length       input sections
--------  ----  ----------  ----------   ----------------
.intvecs   0    00000000    0000026c     
                  00000000    0000026c     startup_ccs.obj (.intvecs)

.text      0    0000026c    0000071e     
                  0000026c    000001ee     uartstdio.obj (.text:UARTvprintf)
                  0000045a    00000132     driverlib.lib : gpio.obj (.text:GPIOPadConfigSet)
                  0000058c    0000009c     rtsv7M4_T_le_v4SPD16_eabi.lib : memcpy_t2.asm.obj (.text)
                  00000628    00000080     main.obj (.text:initUART)
                  000006a8    00000068     rtsv7M4_T_le_v4SPD16_eabi.lib : copy_decompress_lzss.c.obj (.text:decompress:lzss:__TI_decompress_lzss)
                  00000710    00000060     uartstdio.obj (.text:UARTStdioConfig)
                  00000770    00000048     driverlib.lib : gpio.obj (.text:GPIOPinConfigure)
                  000007b8    00000048     uartstdio.obj (.text:UARTwrite)
                  00000800    00000044     rtsv7M4_T_le_v4SPD16_eabi.lib : autoinit.c.obj (.text:__TI_auto_init_nobinit_nopinit:__TI_auto_init_nobinit_nopinit)
                  00000844    00000040                                   : u_divt2.asm.obj (.text)
                  00000884    00000034     driverlib.lib : sysctl.obj (.text:SysCtlPeripheralEnable)
                  000008b8    00000034     rtsv7M4_T_le_v4SPD16_eabi.lib : boot_cortex_m.c.obj (.text:_c_int00_noargs:_c_int00_noargs)
                  000008ec    0000002a     driverlib.lib : gpio.obj (.text:GPIODirModeSet)
                  00000916    0000001a     uartstdio.obj (.text:UARTprintf)
                  00000930    00000013     main.obj (.text:clearTerminal)
                  00000943    00000001     --HOLE-- [fill = 0]
                  00000944    00000012     driverlib.lib : gpio.obj (.text:GPIOPinTypeUART)
                  00000956    0000000e     rtsv7M4_T_le_v4SPD16_eabi.lib : copy_decompress_none.c.obj (.text:decompress:none:__TI_decompress_none)
                  00000964    0000000a     main.obj (.text:main)
                  0000096e    00000006     startup_ccs.obj (.text:ResetISR)
                  00000974    00000006     driverlib.lib : uart.obj (.text:UARTClockSourceSet)
                  0000097a    00000004     rtsv7M4_T_le_v4SPD16_eabi.lib : pre_init.c.obj (.text:_system_pre_init)
                  0000097e    00000004                                   : exit.c.obj (.text:abort:abort)
                  00000982    00000002     startup_ccs.obj (.text:FaultISR)
                  00000984    00000002     startup_ccs.obj (.text:IntDefaultHandler)
                  00000986    00000002     startup_ccs.obj (.text:NmiSR)
                  00000988    00000002     rtsv7M4_T_le_v4SPD16_eabi.lib : div0.asm.obj (.text)

.const     0    0000098c    000000a8     
                  0000098c    00000090     driverlib.lib : gpio.obj (.const:g_pui32GPIOBaseAddrs)
                  00000a1c    0000000c     uartstdio.obj (.const:g_ui32UARTBase)
                  00000a28    0000000c     uartstdio.obj (.const:g_ui32UARTPeriph)

.cinit     0    00000a38    00000018     
                  00000a38    00000008     (__TI_handler_table)
                  00000a40    00000007     (.cinit..data.load) [load image, compression = lzss]
                  00000a47    00000001     --HOLE-- [fill = 0]
                  00000a48    00000008     (__TI_cinit_table)

.init_array 
*          0    00000000    00000000     UNINITIALIZED

.data      0    20000200    00000005     UNINITIALIZED
                  20000200    00000005     uartstdio.obj (.data)

.stack     0    20000000    00000200     UNINITIALIZED
                  20000000    00000004     rtsv7M4_T_le_v4SPD16_eabi.lib : boot_cortex_m.c.obj (.stack)
                  20000004    000001fc     --HOLE--

__llvm_prf_cnts 
*          0    20000000    00000000     UNINITIALIZED

MODULE SUMMARY

       Module                       code   ro data   rw data
       ------                       ----   -------   -------
    .\
       uartstdio.obj                688    24        5      
       startup_ccs.obj              12     620       0      
       main.obj                     157    0         0      
    +--+----------------------------+------+---------+---------+
       Total:                       857    644       5      
                                                            
    C:/ti/tivaware_c_series_2_1_4_178/driverlib/ccs/Debug/driverlib.lib
       gpio.obj                     438    144       0      
       sysctl.obj                   52     0         0      
       uart.obj                     6      0         0      
    +--+----------------------------+------+---------+---------+
       Total:                       496    144       0      
                                                            
    C:\ti\ccs1110\ccs\tools\compiler\ti-cgt-arm_20.2.5.LTS\lib\rtsv7M4_T_le_v4SPD16_eabi.lib
       memcpy_t2.asm.obj            156    0         0      
       copy_decompress_lzss.c.obj   104    0         0      
       autoinit.c.obj               68     0         0      
       u_divt2.asm.obj              64     0         0      
       boot_cortex_m.c.obj          52     0         0      
       copy_decompress_none.c.obj   14     0         0      
       exit.c.obj                   4      0         0      
       pre_init.c.obj               4      0         0      
       div0.asm.obj                 2      0         0      
    +--+----------------------------+------+---------+---------+
       Total:                       468    0         0      
                                                            
       Stack:                       0      0         512    
       Linker Generated:            0      23        0      
    +--+----------------------------+------+---------+---------+
       Grand Total:                 1821   811       517    


LINKER GENERATED COPY TABLES

__TI_cinit_table @ 00000a48 records: 1, size/record: 8, table size: 8
	.data: load addr=00000a40, load size=00000007 bytes, run addr=20000200, run size=00000005 bytes, compression=lzss


LINKER GENERATED HANDLER TABLE

__TI_handler_table @ 00000a38 records: 2, size/record: 4, table size: 8
	index: 0, handler: __TI_decompress_lzss
	index: 1, handler: __TI_decompress_none


GLOBAL SYMBOLS: SORTED ALPHABETICALLY BY Name 

address   name                          
-------   ----                          
0000097f  C$$EXIT                       
000008ed  GPIODirModeSet                
0000045b  GPIOPadConfigSet              
00000771  GPIOPinConfigure              
00000945  GPIOPinTypeUART               
0000096f  ResetISR                      
00000885  SysCtlPeripheralEnable        
00000975  UARTClockSourceSet            
00000711  UARTStdioConfig               
00000917  UARTprintf                    
0000026d  UARTvprintf                   
000007b9  UARTwrite                     
20000200  __STACK_END                   
00000200  __STACK_SIZE                  
20000200  __STACK_TOP                   
00000a48  __TI_CINIT_Base               
00000a50  __TI_CINIT_Limit              
00000a38  __TI_Handler_Table_Base       
00000a40  __TI_Handler_Table_Limit      
00000801  __TI_auto_init_nobinit_nopinit
000006a9  __TI_decompress_lzss          
00000957  __TI_decompress_none          
ffffffff  __TI_pprof_out_hndl           
ffffffff  __TI_prof_data_size           
ffffffff  __TI_prof_data_start          
00000000  __TI_static_base__            
00000989  __aeabi_idiv0                 
00000989  __aeabi_ldiv0                 
0000058d  __aeabi_memcpy                
0000058d  __aeabi_memcpy4               
0000058d  __aeabi_memcpy8               
00000845  __aeabi_uidiv                 
00000845  __aeabi_uidivmod              
ffffffff  __binit__                     
ffffffff  __c_args__                    
UNDEFED   __mpu_init                    
20000000  __stack                       
20000000  __start___llvm_prf_cnts       
20000000  __stop___llvm_prf_cnts        
000008b9  _c_int00_noargs               
UNDEFED   _system_post_cinit            
0000097b  _system_pre_init              
0000097f  abort                         
ffffffff  binit                         
00000931  clearTerminal                 
00000000  g_pfnVectors                  
00000629  initUART                      
00000965  main                          
0000058d  memcpy                        


GLOBAL SYMBOLS: SORTED BY Symbol Address 

address   name                          
-------   ----                          
00000000  __TI_static_base__            
00000000  g_pfnVectors                  
00000200  __STACK_SIZE                  
0000026d  UARTvprintf                   
0000045b  GPIOPadConfigSet              
0000058d  __aeabi_memcpy                
0000058d  __aeabi_memcpy4               
0000058d  __aeabi_memcpy8               
0000058d  memcpy                        
00000629  initUART                      
000006a9  __TI_decompress_lzss          
00000711  UARTStdioConfig               
00000771  GPIOPinConfigure              
000007b9  UARTwrite                     
00000801  __TI_auto_init_nobinit_nopinit
00000845  __aeabi_uidiv                 
00000845  __aeabi_uidivmod              
00000885  SysCtlPeripheralEnable        
000008b9  _c_int00_noargs               
000008ed  GPIODirModeSet                
00000917  UARTprintf                    
00000931  clearTerminal                 
00000945  GPIOPinTypeUART               
00000957  __TI_decompress_none          
00000965  main                          
0000096f  ResetISR                      
00000975  UARTClockSourceSet            
0000097b  _system_pre_init              
0000097f  C$$EXIT                       
0000097f  abort                         
00000989  __aeabi_idiv0                 
00000989  __aeabi_ldiv0                 
00000a38  __TI_Handler_Table_Base       
00000a40  __TI_Handler_Table_Limit      
00000a48  __TI_CINIT_Base               
00000a50  __TI_CINIT_Limit              
20000000  __stack                       
20000000  __start___llvm_prf_cnts       
20000000  __stop___llvm_prf_cnts        
20000200  __STACK_END                   
20000200  __STACK_TOP                   
ffffffff  __TI_pprof_out_hndl           
ffffffff  __TI_prof_data_size           
ffffffff  __TI_prof_data_start          
ffffffff  __binit__                     
ffffffff  __c_args__                    
ffffffff  binit                         
UNDEFED   __mpu_init                    
UNDEFED   _system_post_cinit            

[49 symbols]
