******************************************************************************
                  TI ARM Linker PC v20.2.5                     
******************************************************************************
>> Linked Mon Feb  7 12:52:16 2022

OUTPUT FILE NAME:   <Lab2.out>
ENTRY POINT SYMBOL: "_c_int00_noargs"  address: 00000aad


MEMORY CONFIGURATION

         name            origin    length      used     unused   attr    fill
----------------------  --------  ---------  --------  --------  ----  --------
  FLASH                 00000000   00040000  00000b87  0003f479  R  X
  SRAM                  20000000   00008000  00000205  00007dfb  RW X


SEGMENT ALLOCATION MAP

run origin  load origin   length   init length attrs members
----------  ----------- ---------- ----------- ----- -------
00000000    00000000    00000b90   00000b90    r-x
  00000000    00000000    0000026c   0000026c    r-- .intvecs
  0000026c    0000026c    000008e2   000008e2    r-x .text
  00000b50    00000b50    00000021   00000021    r-- .const
  00000b78    00000b78    00000018   00000018    r-- .cinit
20000000    20000000    00000205   00000000    rw-
  20000000    20000000    00000200   00000000    rw- .stack
  20000200    20000200    00000005   00000000    rw- .data


SECTION ALLOCATION MAP

 output                                  attributes/
section   page    origin      length       input sections
--------  ----  ----------  ----------   ----------------
.intvecs   0    00000000    0000026c     
                  00000000    0000026c     startup_ccs.obj (.intvecs)

.text      0    0000026c    000008e2     
                  0000026c    000001ee     Lab2Blink.obj (.text:UARTvprintf)
                  0000045a    00000136     rtsv7M4_T_le_v4SPD16_eabi.lib : fd_div_t2.asm.obj (.text)
                  00000590    00000132     driverlib.lib : gpio.obj (.text:GPIOPadConfigSet)
                  000006c2    00000002     startup_ccs.obj (.text:FaultISR)
                  000006c4    00000110     Lab2Blink.obj (.text:main)
                  000007d4    0000009c     rtsv7M4_T_le_v4SPD16_eabi.lib : memcpy_t2.asm.obj (.text)
                  00000870    00000068                                   : copy_decompress_lzss.c.obj (.text:decompress:lzss:__TI_decompress_lzss)
                  000008d8    00000064     Lab2Blink.obj (.text:initUART)
                  0000093c    00000060     Lab2Blink.obj (.text:UARTStdioConfig)
                  0000099c    00000048     Lab2Blink.obj (.text:UARTwrite)
                  000009e4    00000044     rtsv7M4_T_le_v4SPD16_eabi.lib : autoinit.c.obj (.text:__TI_auto_init_nobinit_nopinit:__TI_auto_init_nobinit_nopinit)
                  00000a28    00000044                                   : fd_tou_t2.asm.obj (.text)
                  00000a6c    00000040                                   : u_divt2.asm.obj (.text)
                  00000aac    00000034                                   : boot_cortex_m.c.obj (.text:_c_int00_noargs:_c_int00_noargs)
                  00000ae0    00000020                                   : u_tofd_t2.asm.obj (.text)
                  00000b00    0000001a     Lab2Blink.obj (.text:UARTprintf)
                  00000b1a    0000000e     rtsv7M4_T_le_v4SPD16_eabi.lib : copy_decompress_none.c.obj (.text:decompress:none:__TI_decompress_none)
                  00000b28    00000006     driverlib.lib : gpio.obj (.text:GPIOPinRead)
                  00000b2e    00000006                   : gpio.obj (.text:GPIOPinWrite)
                  00000b34    00000006     startup_ccs.obj (.text:ResetISR)
                  00000b3a    00000006     driverlib.lib : uart.obj (.text:UARTClockSourceSet)
                  00000b40    00000004     rtsv7M4_T_le_v4SPD16_eabi.lib : pre_init.c.obj (.text:_system_pre_init)
                  00000b44    00000004                                   : exit.c.obj (.text:abort:abort)
                  00000b48    00000002     startup_ccs.obj (.text:IntDefaultHandler)
                  00000b4a    00000002     startup_ccs.obj (.text:NmiSR)
                  00000b4c    00000002     rtsv7M4_T_le_v4SPD16_eabi.lib : div0.asm.obj (.text)

.const     0    00000b50    00000021     
                  00000b50    0000000c     Lab2Blink.obj (.const:g_ui32UARTBase)
                  00000b5c    0000000c     Lab2Blink.obj (.const:g_ui32UARTPeriph)
                  00000b68    00000009     Lab2Blink.obj (.const:.string:$P$T0$2)

.cinit     0    00000b78    00000018     
                  00000b78    00000008     (__TI_handler_table)
                  00000b80    00000007     (.cinit..data.load) [load image, compression = lzss]
                  00000b87    00000001     --HOLE-- [fill = 0]
                  00000b88    00000008     (__TI_cinit_table)

.init_array 
*          0    00000000    00000000     UNINITIALIZED

.data      0    20000200    00000005     UNINITIALIZED
                  20000200    00000005     Lab2Blink.obj (.data)

.stack     0    20000000    00000200     UNINITIALIZED
                  20000000    00000004     rtsv7M4_T_le_v4SPD16_eabi.lib : boot_cortex_m.c.obj (.stack)
                  20000004    000001fc     --HOLE--

__llvm_prf_cnts 
*          0    20000000    00000000     UNINITIALIZED

MODULE SUMMARY

       Module                       code   ro data   rw data
       ------                       ----   -------   -------
    .\
       Lab2Blink.obj                1060   33        5      
       startup_ccs.obj              12     620       0      
    +--+----------------------------+------+---------+---------+
       Total:                       1072   653       5      
                                                            
    C:/ti/tivaware_c_series_2_1_4_178/driverlib/ccs/Debug/driverlib.lib
       gpio.obj                     318    0         0      
       uart.obj                     6      0         0      
    +--+----------------------------+------+---------+---------+
       Total:                       324    0         0      
                                                            
    C:\ti\ccs1110\ccs\tools\compiler\ti-cgt-arm_20.2.5.LTS\lib\rtsv7M4_T_le_v4SPD16_eabi.lib
       fd_div_t2.asm.obj            310    0         0      
       memcpy_t2.asm.obj            156    0         0      
       copy_decompress_lzss.c.obj   104    0         0      
       autoinit.c.obj               68     0         0      
       fd_tou_t2.asm.obj            68     0         0      
       u_divt2.asm.obj              64     0         0      
       boot_cortex_m.c.obj          52     0         0      
       u_tofd_t2.asm.obj            32     0         0      
       copy_decompress_none.c.obj   14     0         0      
       exit.c.obj                   4      0         0      
       pre_init.c.obj               4      0         0      
       div0.asm.obj                 2      0         0      
    +--+----------------------------+------+---------+---------+
       Total:                       878    0         0      
                                                            
       Stack:                       0      0         512    
       Linker Generated:            0      23        0      
    +--+----------------------------+------+---------+---------+
       Grand Total:                 2274   676       517    


LINKER GENERATED COPY TABLES

__TI_cinit_table @ 00000b88 records: 1, size/record: 8, table size: 8
	.data: load addr=00000b80, load size=00000007 bytes, run addr=20000200, run size=00000005 bytes, compression=lzss


LINKER GENERATED HANDLER TABLE

__TI_handler_table @ 00000b78 records: 2, size/record: 4, table size: 8
	index: 0, handler: __TI_decompress_lzss
	index: 1, handler: __TI_decompress_none


GLOBAL SYMBOLS: SORTED ALPHABETICALLY BY Name 

address   name                          
-------   ----                          
00000b45  C$$EXIT                       
00000591  GPIOPadConfigSet              
00000b29  GPIOPinRead                   
00000b2f  GPIOPinWrite                  
00000b35  ResetISR                      
00000b3b  UARTClockSourceSet            
0000093d  UARTStdioConfig               
00000b01  UARTprintf                    
0000026d  UARTvprintf                   
0000099d  UARTwrite                     
20000200  __STACK_END                   
00000200  __STACK_SIZE                  
20000200  __STACK_TOP                   
00000b88  __TI_CINIT_Base               
00000b90  __TI_CINIT_Limit              
00000b78  __TI_Handler_Table_Base       
00000b80  __TI_Handler_Table_Limit      
000009e5  __TI_auto_init_nobinit_nopinit
00000871  __TI_decompress_lzss          
00000b1b  __TI_decompress_none          
ffffffff  __TI_pprof_out_hndl           
ffffffff  __TI_prof_data_size           
ffffffff  __TI_prof_data_start          
00000000  __TI_static_base__            
00000a29  __aeabi_d2uiz                 
0000045b  __aeabi_ddiv                  
00000b4d  __aeabi_idiv0                 
00000b4d  __aeabi_ldiv0                 
000007d5  __aeabi_memcpy                
000007d5  __aeabi_memcpy4               
000007d5  __aeabi_memcpy8               
00000ae1  __aeabi_ui2d                  
00000a6d  __aeabi_uidiv                 
00000a6d  __aeabi_uidivmod              
ffffffff  __binit__                     
ffffffff  __c_args__                    
UNDEFED   __mpu_init                    
20000000  __stack                       
20000000  __start___llvm_prf_cnts       
20000000  __stop___llvm_prf_cnts        
00000aad  _c_int00_noargs               
UNDEFED   _system_post_cinit            
00000b41  _system_pre_init              
00000b45  abort                         
ffffffff  binit                         
00000000  g_pfnVectors                  
000008d9  initUART                      
000006c5  main                          
000007d5  memcpy                        


GLOBAL SYMBOLS: SORTED BY Symbol Address 

address   name                          
-------   ----                          
00000000  __TI_static_base__            
00000000  g_pfnVectors                  
00000200  __STACK_SIZE                  
0000026d  UARTvprintf                   
0000045b  __aeabi_ddiv                  
00000591  GPIOPadConfigSet              
000006c5  main                          
000007d5  __aeabi_memcpy                
000007d5  __aeabi_memcpy4               
000007d5  __aeabi_memcpy8               
000007d5  memcpy                        
00000871  __TI_decompress_lzss          
000008d9  initUART                      
0000093d  UARTStdioConfig               
0000099d  UARTwrite                     
000009e5  __TI_auto_init_nobinit_nopinit
00000a29  __aeabi_d2uiz                 
00000a6d  __aeabi_uidiv                 
00000a6d  __aeabi_uidivmod              
00000aad  _c_int00_noargs               
00000ae1  __aeabi_ui2d                  
00000b01  UARTprintf                    
00000b1b  __TI_decompress_none          
00000b29  GPIOPinRead                   
00000b2f  GPIOPinWrite                  
00000b35  ResetISR                      
00000b3b  UARTClockSourceSet            
00000b41  _system_pre_init              
00000b45  C$$EXIT                       
00000b45  abort                         
00000b4d  __aeabi_idiv0                 
00000b4d  __aeabi_ldiv0                 
00000b78  __TI_Handler_Table_Base       
00000b80  __TI_Handler_Table_Limit      
00000b88  __TI_CINIT_Base               
00000b90  __TI_CINIT_Limit              
20000000  __stack                       
20000000  __start___llvm_prf_cnts       
20000000  __stop___llvm_prf_cnts        
20000200  __STACK_END                   
20000200  __STACK_TOP                   
ffffffff  __TI_pprof_out_hndl           
ffffffff  __TI_prof_data_size           
ffffffff  __TI_prof_data_start          
ffffffff  __binit__                     
ffffffff  __c_args__                    
ffffffff  binit                         
UNDEFED   __mpu_init                    
UNDEFED   _system_post_cinit            

[49 symbols]
